{
  "$schema": "https://schema.management.azure.com/schemas/2019-04-01/deploymentTemplate.json#",
  "contentVersion": "1.0.0.0",
  "parameters": {
    "adminPassword": {
      "type": "securestring"
    },
    "adminUsername": {
      "type": "string"
    },
    "commandToExecute": {
      "type": "string"
    },
    "dataDiskName": {
      "type": "string"
    },
    "dnsNameForPublicIP": {
      "type": "string"
    },
    "nicName": {
      "type": "string"
    },
    "nsgName": {
      "type": "string"
    },
    "osDiskName": {
      "type": "string"
    },
    "publicIPAddressName": {
      "type": "string"
    },
    "storageAccountBlobEndpoint": {
      "type": "string"
    },
    "subnetName": {
      "type": "string"
    },
    "virtualNetworkName": {
      "type": "string"
    },
    "vmName": {
      "type": "string"
    },
    "vmSize": {
      "type": "string"
    }
  },
  "resources": [
    {
      "apiVersion": "[variables('networkApiVersion')]",
      "location": "[variables('location')]",
      "name": "[parameters('publicIPAddressName')]",
      "properties": {
        "dnsSettings": {
          "domainNameLabel": "[parameters('dnsNameForPublicIP')]"
        },
        "publicIPAllocationMethod": "[variables('publicIPAddressType')]"
      },
      "type": "Microsoft.Network/publicIPAddresses"
    },
    {
      "apiVersion": "[variables('networkApiVersion')]",
      "dependsOn": [
        "[concat('Microsoft.Network/publicIPAddresses/', parameters('publicIPAddressName'))]"
      ],
      "location": "[variables('location')]",
      "name": "[parameters('nicName')]",
      "properties": {
        "ipConfigurations": [
          {
            "name": "ipconfig",
            "properties": {
              "privateIPAllocationMethod": "Dynamic",
              "publicIPAddress": {
                "id": "[resourceId('Microsoft.Network/publicIPAddresses', parameters('publicIPAddressName'))]"
              },
              "subnet": {
                "id": "[variables('subnetRef')]"
              }
            }
          }
        ]
      },
      "type": "Microsoft.Network/networkInterfaces"
    },
    {
      "apiVersion": "[variables('computeApiVersion')]",
      "dependsOn": [
        "[concat('Microsoft.Network/networkInterfaces/', parameters('nicName'))]"
      ],
      "location": "[variables('location')]",
      "name": "[parameters('vmName')]",
      "properties": {
        "diagnosticsProfile": {
          "bootDiagnostics": {
            "enabled": false
          }
        },
        "hardwareProfile": {
          "vmSize": "[parameters('vmSize')]"
        },
        "networkProfile": {
          "networkInterfaces": [
            {
              "id": "[resourceId('Microsoft.Network/networkInterfaces', parameters('nicName'))]"
            }
          ]
        },
        "osProfile": {
          "adminUsername": "[parameters('adminUsername')]",
          "computerName": "[parameters('vmName')]",
          "linuxConfiguration": {
            "disablePasswordAuthentication": true,
            "ssh": {
              "publicKeys": [
                {
                  "keyData": "",
                  "path": "[variables('sshKeyPath')]"
                }
              ]
            }
          }
        },
        "storageProfile": {
          "imageReference": {
            "offer": "--image-offer--",
            "publisher": "--image-publisher--",
            "sku": "--image-sku--",
            "version": "--version--"
          },
          "osDisk": {
            "caching": "ReadWrite",
            "createOption": "FromImage",
            "managedDisk": {
              "storageAccountType": "Standard_LRS"
            },
            "name": "[parameters('osDiskName')]",
            "osType": "Linux"
          }
        }
      },
      "type": "Microsoft.Compute/virtualMachines"
    },
    {
      "apiVersion": "[variables('computeApiVersion')]",
      "condition": "[not(empty(parameters('commandToExecute')))]",
      "dependsOn": [
        "[resourceId('Microsoft.Compute/virtualMachines/', parameters('vmName'))]"
      ],
      "location": "[variables('location')]",
      "name": "[concat(parameters('vmName'), '/extension-customscript')]",
      "properties": {
        "autoUpgradeMinorVersion": true,
        "publisher": "Microsoft.Compute",
        "settings": {
          "commandToExecute": "[parameters('commandToExecute')]"
        },
        "type": "CustomScriptExtension",
        "typeHandlerVersion": "1.10"
      },
      "type": "Microsoft.Compute/virtualMachines/extensions"
    }
  ],
  "variables": {
    "addressPrefix": "10.0.0.0/16",
    "computeApiVersion": "2023-03-01",
    "location": "[resourceGroup().location]",
    "networkApiVersion": "2023-04-01",
    "publicIPAddressType": "Dynamic",
    "sshKeyPath": "[concat('/home/',parameters('adminUsername'),'/.ssh/authorized_keys')]",
    "subnetAddressPrefix": "10.0.0.0/24",
    "subnetName": "--virtual_network_subnet_name--",
    "subnetRef": "[concat(variables('vnetID'),'/subnets/',variables('subnetName'))]",
    "virtualNetworkName": "--virtual_network_name--",
    "virtualNetworkResourceGroup": "--virtual_network_resource_group_name--",
    "vmStorageAccountContainerName": "images",
    "vnetID": "[resourceId(variables('virtualNetworkResourceGroup'), 'Microsoft.Network/virtualNetworks', variables('virtualNetworkName'))]"
  }
}