{
  "$schema": "https://schema.management.azure.com/schemas/2019-04-01/deploymentTemplate.json#",
  "contentVersion": "1.0.0.0",
  "parameters": {
    "adminPassword": {
      "type": "securestring"
    },
    "adminUsername": {
      "type": "string"
    },
    "commandToExecute": {
      "type": "string"
    },
    "dataDiskName": {
      "type": "string"
    },
    "dnsNameForPublicIP": {
      "type": "string"
    },
    "nicName": {
      "type": "string"
    },
    "nsgName": {
      "type": "string"
    },
    "osDiskName": {
      "type": "string"
    },
    "publicIPAddressName": {
      "type": "string"
    },
    "storageAccountBlobEndpoint": {
      "type": "string"
    },
    "subnetName": {
      "type": "string"
    },
    "virtualNetworkName": {
      "type": "string"
    },
    "vmName": {
      "type": "string"
    },
    "vmSize": {
      "type": "string"
    }
  },
  "resources": [
    {
      "apiVersion": "[variables('networkApiVersion')]",
      "location": "[variables('location')]",
      "name": "[parameters('publicIPAddressName')]",
      "properties": {
        "dnsSettings": {
          "domainNameLabel": "[parameters('dnsNameForPublicIP')]"
        },
        "publicIPAllocationMethod": "[variables('publicIPAddressType')]"
      },
      "sku": {
        "name": "Standard",
        "tier": "Regional"
      },
      "type": "Microsoft.Network/publicIPAddresses"
    },
    {
      "apiVersion": "[variables('networkApiVersion')]",
      "dependsOn": [
        "[concat('Microsoft.Network/publicIPAddresses/', parameters('publicIPAddressName'))]",
        "[concat('Microsoft.Network/virtualNetworks/', variables('virtualNetworkName'))]"
      ],
      "location": "[variables('location')]",
      "name": "[parameters('nicName')]",
      "properties": {
        "ipConfigurations": [
          {
            "name": "ipconfig",
            "properties": {
              "privateIPAllocationMethod": "Dynamic",
              "publicIPAddress": {
                "id": "[resourceId('Microsoft.Network/publicIPAddresses', parameters('publicIPAddressName'))]"
              },
              "subnet": {
                "id": "[variables('subnetRef')]"
              }
            }
          }
        ]
      },
      "type": "Microsoft.Network/networkInterfaces"
    },
    {
      "apiVersion": "[variables('computeApiVersion')]",
      "dependsOn": [
        "[concat('Microsoft.Network/networkInterfaces/', parameters('nicName'))]"
      ],
      "location": "[variables('location')]",
      "name": "[parameters('vmName')]",
      "properties": {
        "diagnosticsProfile": {
          "bootDiagnostics": {
            "enabled": false
          }
        },
        "hardwareProfile": {
          "vmSize": "[parameters('vmSize')]"
        },
        "networkProfile": {
          "networkInterfaces": [
            {
              "id": "[resourceId('Microsoft.Network/networkInterfaces', parameters('nicName'))]"
            }
          ]
        },
        "osProfile": {
          "adminPassword": "[parameters('adminPassword')]",
          "adminUsername": "[parameters('adminUsername')]",
          "computerName": "[parameters('vmName')]",
          "linuxConfiguration": {
            "ssh": {
              "publicKeys": [
                {
                  "keyData": "",
                  "path": "[variables('sshKeyPath')]"
                }
              ]
            }
          }
        },
        "securityProfile": {
          "encryptionAtHost": true
        },
        "storageProfile": {
          "imageReference": {
            "offer": "ignored00",
            "publisher": "ignored00",
            "sku": "ignored00",
            "version": "latest"
          },
          "osDisk": {
            "caching": "ReadWrite",
            "createOption": "FromImage",
            "name": "[parameters('osDiskName')]",
            "vhd": {
              "uri": "[concat(parameters('storageAccountBlobEndpoint'),variables('vmStorageAccountContainerName'),'/', parameters('osDiskName'),'.vhd')]"
            }
          }
        }
      },
      "type": "Microsoft.Compute/virtualMachines"
    },
    {
      "apiVersion": "[variables('computeApiVersion')]",
      "condition": "[not(empty(parameters('commandToExecute')))]",
      "dependsOn": [
        "[resourceId('Microsoft.Compute/virtualMachines/', parameters('vmName'))]"
      ],
      "location": "[variables('location')]",
      "name": "[concat(parameters('vmName'), '/extension-customscript')]",
      "properties": {
        "autoUpgradeMinorVersion": true,
        "publisher": "Microsoft.Compute",
        "settings": {
          "commandToExecute": "[parameters('commandToExecute')]"
        },
        "type": "CustomScriptExtension",
        "typeHandlerVersion": "1.10"
      },
      "type": "Microsoft.Compute/virtualMachines/extensions"
    },
    {
      "apiVersion": "[variables('networkApiVersion')]",
      "location": "[variables('location')]",
      "name": "[parameters('nsgName')]",
      "properties": {
        "securityRules": [
          {
            "name": "AllowIPsToSshWinRMInbound",
            "properties": {
              "access": "Allow",
              "description": "Allow inbound traffic from specified IP addresses",
              "destinationAddressPrefix": "VirtualNetwork",
              "destinationPortRange": "0",
              "direction": "Inbound",
              "priority": 100,
              "protocol": "Tcp",
              "sourceAddressPrefix": "*",
              "sourcePortRange": "*"
            }
          }
        ]
      },
      "type": "Microsoft.Network/networkSecurityGroups"
    },
    {
      "apiVersion": "[variables('networkApiVersion')]",
      "dependsOn": [
        "[concat('Microsoft.Network/networkSecurityGroups/', parameters('nsgName'))]"
      ],
      "location": "[variables('location')]",
      "name": "[variables('virtualNetworkName')]",
      "properties": {
        "addressSpace": {
          "addressPrefixes": [
            "[variables('addressPrefix')]"
          ]
        },
        "subnets": [
          {
            "name": "[variables('subnetName')]",
            "properties": {
              "addressPrefix": "[variables('subnetAddressPrefix')]",
              "networkSecurityGroup": {
                "id": "[resourceId('Microsoft.Network/networkSecurityGroups', parameters('nsgName'))]"
              }
            }
          }
        ]
      },
      "type": "Microsoft.Network/virtualNetworks"
    }
  ],
  "variables": {
    "addressPrefix": "10.0.0.0/16",
    "computeApiVersion": "2023-03-01",
    "location": "[resourceGroup().location]",
    "networkApiVersion": "2023-04-01",
    "publicIPAddressType": "Static",
    "sshKeyPath": "[concat('/home/',parameters('adminUsername'),'/.ssh/authorized_keys')]",
    "subnetAddressPrefix": "10.0.0.0/24",
    "subnetName": "[parameters('subnetName')]",
    "subnetRef": "[concat(variables('vnetID'),'/subnets/',variables('subnetName'))]",
    "virtualNetworkName": "[parameters('virtualNetworkName')]",
    "virtualNetworkResourceGroup": "[resourceGroup().name]",
    "virtualNetworkSubscriptionID": "[subscription().subscriptionId]",
    "vmStorageAccountContainerName": "images",
    "vnetID": "[resourceId(variables('virtualNetworkSubscriptionID'),variables('virtualNetworkResourceGroup'), 'Microsoft.Network/virtualNetworks', variables('virtualNetworkName'))]"
  }
}